// Jest Snapshot v1, https://goo.gl/fbAQLP

exports[`<Product /> product container matches the snapshot 1`] = `
<div>
  <div
    class="ItemSl__Item-sc-1s91ler-0 gVQryV"
    data-testid="product"
  >
    <h2>
      ABC
    </h2>
    <h3
      class="heading_H3"
    >
      Very nice hat
    </h3>
    <span
      class="OnSaleSl-sc-17gb5te-0 fyniQW"
    >
      ON-SALE!
    </span>
    <picture>
      <source
        srcset="item.jpg"
      />
      <img
        alt="ABC"
        src="item.jpg"
      />
    </picture>
    <h3
      class="TitleSl-sc-fwsgza-0 kFZlbu"
    >
      <a
        href="/product/abc123"
      >
        ABC
      </a>
    </h3>
    <span
      class="PriceTag-sc-vp1xmv-0 dpkGEc"
    >
      Amount passed not a number
    </span>
  </div>
</div>
`;
